version: '3.3'
services:
  mariadb:
    image: "123"
    ports:
      - "3307:3306"
    environment:
        FOO: 123
